Microchip Technology Inc, v1.60 (B)

Tool Name:
  c:\program files\microchip\xc16\v1.60\bin\bin\..\bin/elf-ld.exe

Command:
  -p24FJ64GA002 \
  --mdfp=C:/Program Files/Microchip/MPLABX/v5.45/packs/Microchip/PIC24F-GA-GB_DFP/1.4.141/xc16 \
  -o \
  dist/default/production/E_Paper.production.elf \
  -Lc:/program files/microchip/xc16/v1.60/bin/bin/.. \
  -LC:/Program Files/Microchip/MPLABX/v5.45/packs/Microchip/PIC24F-GA-GB_DFP/1.4.141/xc16/bin/../support/PIC24F/gld \
  -Lc:/program files/microchip/xc16/v1.60/bin/bin/../../lib \
  -Lc:/program files/microchip/xc16/v1.60/bin/bin/../../support/PIC24E/gld \
  -Lc:/program files/microchip/xc16/v1.60/bin/bin/../../support/PIC24F/gld \
  -Lc:/program files/microchip/xc16/v1.60/bin/bin/../../support/PIC24H/gld \
  -Lc:/program files/microchip/xc16/v1.60/bin/bin/../../support/dsPIC30F/gld \
  -Lc:/program files/microchip/xc16/v1.60/bin/bin/../../support/dsPIC33C/gld \
  -Lc:/program files/microchip/xc16/v1.60/bin/bin/../../support/dsPIC33E/gld \
  -Lc:/program files/microchip/xc16/v1.60/bin/bin/../../support/dsPIC33F/gld \
  build/default/production/mcc_generated_files/clock.o \
  build/default/production/mcc_generated_files/pin_manager.o \
  build/default/production/mcc_generated_files/mcc.o \
  build/default/production/mcc_generated_files/system.o \
  build/default/production/mcc_generated_files/interrupt_manager.o \
  build/default/production/mcc_generated_files/traps.o \
  build/default/production/main.o \
  build/default/production/mcc_generated_files/delay.o \
  build/default/production/mcc_generated_files/drivers/spi_master.o \
  build/default/production/mcc_generated_files/spi1_driver.o \
  build/default/production/mcc_generated_files/examples/DELAY_example.o \
  build/default/production/mcc_generated_files/examples/spi_master_example.o \
  build/default/production/mcc_generated_files/drivers/uart.o \
  build/default/production/mcc_generated_files/uart1.o \
  build/default/production/mcc_generated_files/examples/uart_example.o \
  build/default/production/epaper_image.o \
  build/default/production/EPD.o \
  --defsym=__MPLAB_BUILD=1 \
  -Tp24FJ64GA002.gld.00 \
  --heap=512 \
  --stack=16 \
  --check-sections \
  --data-init \
  --pack-data \
  --handles \
  --isr \
  --no-gc-sections \
  --fill-upper=0 \
  --stackguard=16 \
  --no-force-link \
  --smart-io \
  -Map=dist/default/production/E Paper.production.map \
  --report-mem \
  --memorysummary \
  dist/default/production/memoryfile.xml \
  -start-group \
  --library=lega-pic30-elf \
  --library=m-elf \
  --library=lega-c-elf \
  -end-group \


Optional library libpPIC24Fxxx.a not found
Archive member included because of file (symbol)

c:/program files/microchip/xc16/v1.60/bin/bin/../../lib\liblega-pic30-elf.a(crt0_standard.o)
                              (__resetPRI)
c:/program files/microchip/xc16/v1.60/bin/bin/../../lib\liblega-pic30-elf.a(data_init_standard.o)
                              c:/program files/microchip/xc16/v1.60/bin/bin/../../lib\liblega-pic30-elf.a(crt0_standard.o) (__data_init_standard)
c:/program files/microchip/xc16/v1.60/bin/bin/../../lib\liblega-pic30-elf.a(crt_start_mode_normal.Leo)
                              (__crt_start_mode_normal)
c:/program files/microchip/xc16/v1.60/bin/bin/../../lib\liblega-pic30-elf.a(delay32.Leo)
                              build/default/production/mcc_generated_files/delay.o (___delay32)
c:/program files/microchip/xc16/v1.60/bin/bin/../../lib\liblega-c-elf.a(puts.XX_eo)
                              build/default/production/main.o (_puts)
c:/program files/microchip/xc16/v1.60/bin/bin/../../lib\liblega-c-elf.a(strlen.XX_eo)
                              build/default/production/mcc_generated_files/examples/uart_example.o (_strlen)
c:/program files/microchip/xc16/v1.60/bin/bin/../../lib\liblega-c-elf.a(strncmp.XX_eo)
                              build/default/production/mcc_generated_files/examples/spi_master_example.o (_strncmp)
c:/program files/microchip/xc16/v1.60/bin/bin/../../lib\liblega-c-elf.a(xfiles.XX_eo)
                              c:/program files/microchip/xc16/v1.60/bin/bin/../../lib\liblega-c-elf.a(puts.XX_eo) (__Stdout)
c:/program files/microchip/xc16/v1.60/bin/bin/../../lib\liblega-c-elf.a(fputc.XX_elo)
                              c:/program files/microchip/xc16/v1.60/bin/bin/../../lib\liblega-c-elf.a(puts.XX_eo) (_fputc)
c:/program files/microchip/xc16/v1.60/bin/bin/../../lib\liblega-c-elf.a(printf_cdnopuxX.XXeo)
                              build/default/production/mcc_generated_files/examples/uart_example.o (__printf_cdnopuxX)
c:/program files/microchip/xc16/v1.60/bin/bin/../../lib\liblega-c-elf.a(xprintf_cdnopuxX.XXeo)
                              c:/program files/microchip/xc16/v1.60/bin/bin/../../lib\liblega-c-elf.a(printf_cdnopuxX.XXeo) (___Printf_cdnopuxX)
c:/program files/microchip/xc16/v1.60/bin/bin/../../lib\liblega-c-elf.a(xputfld_cdnopuxX.XXeo)
[...]
Memory Configuration

Name             Origin             Length             Attributes
data             0x000800           0x002000           a !xr
reset            0x000000           0x000004  
ivt              0x000004           0x0000fc  
_reserved        0x000100           0x000004  
aivt             0x000104           0x0000fc  
program          0x000200           0x00a9fc           xr
CONFIG2          0x00abfc           0x000002  
CONFIG1          0x00abfe           0x000002  
*default*        0x000000           0xffffffff  

Linker script and memory map

LOAD build/default/production/mcc_generated_files/clock.o
LOAD build/default/production/mcc_generated_files/pin_manager.o
LOAD build/default/production/mcc_generated_files/mcc.o
LOAD build/default/production/mcc_generated_files/system.o
LOAD build/default/production/mcc_generated_files/interrupt_manager.o
LOAD build/default/production/mcc_generated_files/traps.o
LOAD build/default/production/main.o
LOAD build/default/production/mcc_generated_files/delay.o
LOAD build/default/production/mcc_generated_files/drivers/spi_master.o
LOAD build/default/production/mcc_generated_files/spi1_driver.o
LOAD build/default/production/mcc_generated_files/examples/DELAY_example.o
LOAD build/default/production/mcc_generated_files/examples/spi_master_example.o
LOAD build/default/production/mcc_generated_files/drivers/uart.o
LOAD build/default/production/mcc_generated_files/uart1.o
LOAD build/default/production/mcc_generated_files/examples/uart_example.o
LOAD build/default/production/epaper_image.o
LOAD build/default/production/EPD.o
                    0x0001                  __MPLAB_BUILD = 0x1
LOAD pPIC24Fxxx
LOAD c:/program files/microchip/xc16/v1.60/bin/bin/../../lib\libfx-elf.a
                    0xabfc                  __CONFIG2 = 0xabfc
                    0xabfe                  __CONFIG1 = 0xabfe
                    0x0001                  __NO_HANDLES = 0x1
                    0x0200                  __CODE_BASE = 0x200
                    0xa9fc                  __CODE_LENGTH = 0xa9fc
                    0x0004                  __IVT_BASE = 0x4
                    0x0104                  __AIVT_BASE = 0x104
                    0x0800                  __DATA_BASE = 0x800
                    0x2000                  __DATA_LENGTH = 0x2000

.reset            0x000000          0x4
                  0x000000          0x2 SHORT 0x200 ABSOLUTE (__reset)
                  0x000001          0x2 SHORT 0x4
                  0x000002          0x2 SHORT 0x0 ((ABSOLUTE (__reset) >> 0x10) & 0x7f)
                  0x000003          0x2 SHORT 0x0

.text             0x000200       0x141a
 *(.init)
 .init            0x000200         0x4c c:/program files/microchip/xc16/v1.60/bin/bin/../../lib\liblega-pic30-elf.a(crt0_standard.o)
                  0x000200                  __resetPRI
                  0x000200                  __reset
                  0x00023c                  __psv_init
 .init            0x00024c         0x7c c:/program files/microchip/xc16/v1.60/bin/bin/../../lib\liblega-pic30-elf.a(data_init_standard.o)
                  0x000252                  __data_init_standard
                  0x000252                  __data_init
 *(.user_init)
 *(.handle)
 *(.isr*)
 .isr.text        0x00032c         0x82 build/default/production/mcc_generated_files/traps.o
                  0x00032c                  __OscillatorFail
                  0x00034c                  __StackError
                  0x00036e                  __AddressError
                  0x00038e                  __MathError
 .isr.text        0x0003ae         0x52 build/default/production/mcc_generated_files/uart1.o
                  0x0003ae                  __U1TXInterrupt
                  0x0003cc                  __U1RXInterrupt
                  0x0003ea                  __U1ErrInterrupt
 .isr             0x000400          0x4 default_isr
                  0x000400                  __DefaultInterrupt
 *(.libc)
 .libc            0x000404         0x12 c:/program files/microchip/xc16/v1.60/bin/bin/../../lib\liblega-pic30-elf.a(close.Leo)
                  0x000404                  _close
 .libc            0x000416         0x12 c:/program files/microchip/xc16/v1.60/bin/bin/../../lib\liblega-pic30-elf.a(remove.Leo)
                  0x000416                  _remove
 .libc            0x000428         0x28 c:/program files/microchip/xc16/v1.60/bin/bin/../../lib\liblega-pic30-elf.a(sbrk.Leo)
                  0x000428                  _sbrk
 .libc            0x000450         0x1a c:/program files/microchip/xc16/v1.60/bin/bin/../../lib\liblega-pic30-elf.a(brk.Lelo)
                  0x000450                  _brk
 *(.libm)
 *(.libdsp)
 *(.lib*)
 .libc.write      0x00046a         0x38 build/default/production/mcc_generated_files/uart1.o
                  0x00046a                  _write
 .libpic30_crt_start_mode
                  0x0004a2          0x2 c:/program files/microchip/xc16/v1.60/bin/bin/../../lib\liblega-pic30-elf.a(crt_start_mode_normal.Leo)
                  0x0004a2                  __crt_start_mode
                  0x0004a2                  __crt_start_mode_normal
 .libc.puts       0x0004a4         0x16 c:/program files/microchip/xc16/v1.60/bin/bin/../../lib\liblega-c-elf.a(puts.XX_eo)
                  0x0004a4                  _puts
 .libc.strlen     0x0004ba          0xc c:/program files/microchip/xc16/v1.60/bin/bin/../../lib\liblega-c-elf.a(strlen.XX_eo)
                  0x0004ba                  _strlen
 .libc.strncmp    0x0004c6         0x28 c:/program files/microchip/xc16/v1.60/bin/bin/../../lib\liblega-c-elf.a(strncmp.XX_eo)
                  0x0004c6                  _strncmp
 .libc.fputc      0x0004ee         0x4e c:/program files/microchip/xc16/v1.60/bin/bin/../../lib\liblega-c-elf.a(fputc.XX_elo)
                  0x0004ee                  _fputc
 .libc.prout      0x00053c         0x1c c:/program files/microchip/xc16/v1.60/bin/bin/../../lib\liblega-c-elf.a(printf_cdnopuxX.XXeo)
                  0x00053c                  printf_cdnopuxX.XXeo:_prout
 .libc._printf_cdnopuxX
                  0x000558         0x10 c:/program files/microchip/xc16/v1.60/bin/bin/../../lib\liblega-c-elf.a(printf_cdnopuxX.XXeo)
                  0x000558                  __printf_cdnopuxX
 .libc.prout      0x000568         0x1c c:/program files/microchip/xc16/v1.60/bin/bin/../../lib\liblega-c-elf.a(printf_s.XXeo)
                  0x000568                  printf_s.XXeo:_prout
 .libc._printf_s
                  0x000584         0x10 c:/program files/microchip/xc16/v1.60/bin/bin/../../lib\liblega-c-elf.a(printf_s.XXeo)
                  0x000584                  __printf_s
                  0x000584                  __printf_0
 .libc._DNKfflush
                  0x000594         0x76 c:/program files/microchip/xc16/v1.60/bin/bin/../../lib\liblega-c-elf.a(fflush.XX_eo)
                  0x000594                  __DNKfflush
 .libc.fputs      0x00060a         0x90 c:/program files/microchip/xc16/v1.60/bin/bin/../../lib\liblega-c-elf.a(fputs.XX_eo)
                  0x00060a                  _fputs
 .libc.fwrite     0x00069a         0xa8 c:/program files/microchip/xc16/v1.60/bin/bin/../../lib\liblega-c-elf.a(fwrite.XX_eo)
                  0x00069a                  _fwrite
 .libc.memchr     0x000742         0x14 c:/program files/microchip/xc16/v1.60/bin/bin/../../lib\liblega-c-elf.a(memchr.XX_eo)
                  0x000742                  _memchr
 .libc.memcpy     0x000756          0xe c:/program files/microchip/xc16/v1.60/bin/bin/../../lib\liblega-c-elf.a(memcpy.XX_eo)
                  0x000756                  _memcpy
 .libc.strchr     0x000764         0x18 c:/program files/microchip/xc16/v1.60/bin/bin/../../lib\liblega-c-elf.a(strchr.XX_eo)
                  0x000764                  _strchr
 .libc.strrchr    0x00077c         0x14 c:/program files/microchip/xc16/v1.60/bin/bin/../../lib\liblega-c-elf.a(strrchr.XX_eo)
                  0x00077c                  _strrchr
 .libc._Fwprep    0x000790         0x8e c:/program files/microchip/xc16/v1.60/bin/bin/../../lib\liblega-c-elf.a(xfwprep.XX_eo)
                  0x000790                  __Fwprep
 .libc._Litob     0x00081e        0x25e c:/program files/microchip/xc16/v1.60/bin/bin/../../lib\liblega-c-elf.a(xlitob.XX_eo)
                  0x00081e                  __Litob
 .libc._Puttxt    0x000a7c        0x1b4 c:/program files/microchip/xc16/v1.60/bin/bin/../../lib\liblega-c-elf.a(xputtxt.XX_eo)
                  0x000a7c                  __Puttxt
 .libc._Vacopy    0x000c30          0x4 c:/program files/microchip/xc16/v1.60/bin/bin/../../lib\liblega-c-elf.a(xvacopy.XX_eo)
                  0x000c30                  __Vacopy
 .libc.efwrite    0x000c34         0xd8 c:/program files/microchip/xc16/v1.60/bin/bin/../../lib\liblega-c-elf.a(efwrite.XX_eo)
                  0x000c34                  _efwrite
 .libc.closeallreg
                  0x000d0c          0x4 c:/program files/microchip/xc16/v1.60/bin/bin/../../lib\liblega-c-elf.a(fclose.XX_elo)
 .libc._Closreg
                  0x000d10         0x12 c:/program files/microchip/xc16/v1.60/bin/bin/../../lib\liblega-c-elf.a(fclose.XX_elo)
                  0x000d10                  __Closreg
 .libc.fclose     0x000d22         0x90 c:/program files/microchip/xc16/v1.60/bin/bin/../../lib\liblega-c-elf.a(fclose.XX_elo)
                  0x000d22                  _fclose
 .libc.closeall
                  0x000db2         0x20 c:/program files/microchip/xc16/v1.60/bin/bin/../../lib\liblega-c-elf.a(fclose.XX_elo)
                  0x000db2                  fclose.XX_elo:_closeall
 .libc._Atexit    0x000dd2         0x18 c:/program files/microchip/xc16/v1.60/bin/bin/../../lib\liblega-c-elf.a(xatexit.XX_elo)
                  0x000dd2                  __Atexit
 .libc.free       0x000dea         0x64 c:/program files/microchip/xc16/v1.60/bin/bin/../../lib\liblega-c-elf.a(free.XX_eo)
                  0x000dea                  _free
 .libc.findmem    0x000e4e         0x66 c:/program files/microchip/xc16/v1.60/bin/bin/../../lib\liblega-c-elf.a(malloc.XX_eo)
 .libc.malloc     0x000eb4         0x54 c:/program files/microchip/xc16/v1.60/bin/bin/../../lib\liblega-c-elf.a(malloc.XX_eo)
                  0x000eb4                  _malloc
 .libc._Getmem    0x000f08         0x14 c:/program files/microchip/xc16/v1.60/bin/bin/../../lib\liblega-c-elf.a(xgetmem.XX_eo)
                  0x000f08                  __Getmem
 .libc.doclose    0x000f1c          0x4 c:/program files/microchip/xc16/v1.60/bin/bin/../../lib\liblega-pic30-elf.a(close.Leo)
 .libc.doremove
                  0x000f20          0x4 c:/program files/microchip/xc16/v1.60/bin/bin/../../lib\liblega-pic30-elf.a(remove.Leo)
 .libc.memcpy_eds
                  0x000f24         0x3a c:/program files/microchip/xc16/v1.60/bin/bin/../../lib\liblega-pic30-elf.a(memcpy_eds.Leo)
                  0x000f24                  __memcpy_eds_3
                  0x000f24                  __memcpy_eds
 .libc._memchr_eds
                  0x000f5e         0x36 c:/program files/microchip/xc16/v1.60/bin/bin/../../lib\liblega-pic30-elf.a(memchr_eds.Leo)
                  0x000f5e                  __memchr_eds
 .libm.divsi3     0x000f94         0x1e c:/program files/microchip/xc16/v1.60/bin/bin/../../lib\libm-elf.a(divsi3.eo)
                  0x000f94                  ___divsi3
 .libm.udivsi3    0x000fb2         0x20 c:/program files/microchip/xc16/v1.60/bin/bin/../../lib\libm-elf.a(udivsi3.eo)
                  0x000fb2                  ___udivsi3
 .libm.umodsi3    0x000fd2          0x6 c:/program files/microchip/xc16/v1.60/bin/bin/../../lib\libm-elf.a(umodsi3.eo)
                  0x000fd2                  ___umodsi3
 .libm.mulsi3     0x000fd8          0xc c:/program files/microchip/xc16/v1.60/bin/bin/../../lib\libm-elf.a(mulsi3.eo)
                  0x000fd8                  ___mulp32peds3
                  0x000fd8                  ___mulsi3
                  0x000fd8                  ___mulp32eds3
 .libm.__PplusBdi
                  0x000fe4         0x26 c:/program files/microchip/xc16/v1.60/bin/bin/../../lib\libm-elf.a(divmoddi3.eo)
 .libm.__PminusBdi
                  0x00100a         0x26 c:/program files/microchip/xc16/v1.60/bin/bin/../../lib\libm-elf.a(divmoddi3.eo)
 .libm.__udivmoddi3
                  0x001030         0xe6 c:/program files/microchip/xc16/v1.60/bin/bin/../../lib\libm-elf.a(divmoddi3.eo)
                  0x001030                  ___udivmoddi3
 .libm.__udivdi3
                  0x001116          0xe c:/program files/microchip/xc16/v1.60/bin/bin/../../lib\libm-elf.a(divmoddi3.eo)
                  0x001116                  ___udivdi3
 .libm.__umoddi3
                  0x001124          0x8 c:/program files/microchip/xc16/v1.60/bin/bin/../../lib\libm-elf.a(divmoddi3.eo)
                  0x001124                  ___umoddi3
 .libm.__divdi3
                  0x00112c         0x60 c:/program files/microchip/xc16/v1.60/bin/bin/../../lib\libm-elf.a(divmoddi3.eo)
                  0x00112c                  ___divdi3
 .libm.__moddi3
                  0x00118c         0x5c c:/program files/microchip/xc16/v1.60/bin/bin/../../lib\libm-elf.a(divmoddi3.eo)
                  0x00118c                  ___moddi3
 .libc.eprout     0x0011e8         0x1e c:/program files/microchip/xc16/v1.60/bin/bin/../../lib\liblega-c-elf.a(xprintf_cdnopsuxX.XXeo)
                  0x0011e8                  xprintf_cdnopsuxX.XXeo:_eprout
 .libc.__ePrintf_cdnopsuxX
                  0x001206        0x176 c:/program files/microchip/xc16/v1.60/bin/bin/../../lib\liblega-c-elf.a(xprintf_cdnopsuxX.XXeo)
                  0x001206                  ___ePrintf_cdnopsuxX
 .libc.__Printf_cdnopsuxX
                  0x00137c          0xa c:/program files/microchip/xc16/v1.60/bin/bin/../../lib\liblega-c-elf.a(xprintf_cdnopsuxX.XXeo)
                  0x00137c                  ___Printf_s
                  0x00137c                  ___Printf_cdnopuxX
                  0x00137c                  ___Printf_cdnopsuxX
 .libc.__Putfld_cdnopsuxX
                  0x001386        0x294 c:/program files/microchip/xc16/v1.60/bin/bin/../../lib\liblega-c-elf.a(xputfld_cdnopsuxX.XXeo)
                  0x001386                  ___Putfld_cdnopuxX
                  0x001386                  ___Putfld_cdnopsuxX
                  0x001386                  ___Putfld_s

usercode
 *(usercode)

__CONFIG2
 *(__CONFIG2.sec*)

__CONFIG1
 *(__CONFIG1.sec*)

.comment          0x000000         0x5e
 *(.comment)
 .comment         0x000000         0x5e c:/program files/microchip/xc16/v1.60/bin/bin/../../lib\liblega-c-elf.a(xfiles.XX_eo)

.debug_info       0x000000       0x53d9
 *(.debug_info)
 .debug_info      0x000000        0x1f8 build/default/production/mcc_generated_files/clock.o
 .debug_info      0x0001f8        0x709 build/default/production/mcc_generated_files/pin_manager.o
 .debug_info      0x000901        0x323 build/default/production/mcc_generated_files/system.o
 .debug_info      0x000c24        0x5bf build/default/production/mcc_generated_files/interrupt_manager.o
 .debug_info      0x0011e3        0x372 build/default/production/mcc_generated_files/traps.o
 .debug_info      0x001555        0x317 build/default/production/main.o
 .debug_info      0x00186c        0x1b4 build/default/production/mcc_generated_files/delay.o
 .debug_info      0x001a20        0x3bd build/default/production/mcc_generated_files/drivers/spi_master.o
 .debug_info      0x001ddd        0xb75 build/default/production/mcc_generated_files/spi1_driver.o
 .debug_info      0x002952        0x165 build/default/production/mcc_generated_files/examples/DELAY_example.o
 .debug_info      0x002ab7        0x207 build/default/production/mcc_generated_files/examples/spi_master_example.o
 .debug_info      0x002cbe        0x2a3 build/default/production/mcc_generated_files/drivers/uart.o
 .debug_info      0x002f61       0x10bd build/default/production/mcc_generated_files/uart1.o
 .debug_info      0x00401e        0x3c0 build/default/production/mcc_generated_files/examples/uart_example.o
 .debug_info      0x0043de        0x166 build/default/production/epaper_image.o
 .debug_info      0x004544        0xe95 build/default/production/EPD.o
 *(.gnu.linkonce.wi.*)

.debug_abbrev     0x000000        0xe65
 *(.debug_abbrev)
 .debug_abbrev    0x000000         0x59 build/default/production/mcc_generated_files/clock.o
 .debug_abbrev    0x000059         0xd6 build/default/production/mcc_generated_files/pin_manager.o
 .debug_abbrev    0x00012f          0x1 build/default/production/mcc_generated_files/mcc.o
 .debug_abbrev    0x000130         0xb4 build/default/production/mcc_generated_files/system.o
 .debug_abbrev    0x0001e4         0xb4 build/default/production/mcc_generated_files/interrupt_manager.o
 .debug_abbrev    0x000298        0x100 build/default/production/mcc_generated_files/traps.o
 .debug_abbrev    0x000398         0xcc build/default/production/main.o
 .debug_abbrev    0x000464         0x67 build/default/production/mcc_generated_files/delay.o
 .debug_abbrev    0x0004cb        0x102 build/default/production/mcc_generated_files/drivers/spi_master.o
 .debug_abbrev    0x0005cd        0x1e1 build/default/production/mcc_generated_files/spi1_driver.o
 .debug_abbrev    0x0007ae         0x34 build/default/production/mcc_generated_files/examples/DELAY_example.o
 .debug_abbrev    0x0007e2         0x8d build/default/production/mcc_generated_files/examples/spi_master_example.o
 .debug_abbrev    0x00086f         0x9b build/default/production/mcc_generated_files/drivers/uart.o
 .debug_abbrev    0x00090a        0x23f build/default/production/mcc_generated_files/uart1.o
 .debug_abbrev    0x000b49        0x111 build/default/production/mcc_generated_files/examples/uart_example.o
 .debug_abbrev    0x000c5a         0x56 build/default/production/epaper_image.o
 .debug_abbrev    0x000cb0        0x1b5 build/default/production/EPD.o

.debug_line       0x000000       0x1216
 *(.debug_line)
 .debug_line      0x000000        0x11f build/default/production/mcc_generated_files/clock.o
 .debug_line      0x00011f        0x12f build/default/production/mcc_generated_files/pin_manager.o
 .debug_line      0x00024e         0x1a build/default/production/mcc_generated_files/mcc.o
 .debug_line      0x000268        0x11e build/default/production/mcc_generated_files/system.o
 .debug_line      0x000386        0x127 build/default/production/mcc_generated_files/interrupt_manager.o
 .debug_line      0x0004ad        0x14b build/default/production/mcc_generated_files/traps.o
 .debug_line      0x0005f8        0x14a build/default/production/main.o
 .debug_line      0x000742         0xa6 build/default/production/mcc_generated_files/delay.o
 .debug_line      0x0007e8        0x102 build/default/production/mcc_generated_files/drivers/spi_master.o
 .debug_line      0x0008ea        0x17b build/default/production/mcc_generated_files/spi1_driver.o
 .debug_line      0x000a65         0x5e build/default/production/mcc_generated_files/examples/DELAY_example.o
 .debug_line      0x000ac3         0xf7 build/default/production/mcc_generated_files/examples/spi_master_example.o
 .debug_line      0x000bba         0x99 build/default/production/mcc_generated_files/drivers/uart.o
 .debug_line      0x000c53        0x20f build/default/production/mcc_generated_files/uart1.o
 .debug_line      0x000e62         0xed build/default/production/mcc_generated_files/examples/uart_example.o
 .debug_line      0x000f4f         0x7b build/default/production/epaper_image.o
 .debug_line      0x000fca        0x24c build/default/production/EPD.o

.debug_frame      0x000000        0xa3c
 *(.debug_frame)
 .debug_frame     0x000000         0x2e build/default/production/mcc_generated_files/clock.o
 .debug_frame     0x00002e         0x2e build/default/production/mcc_generated_files/pin_manager.o
 .debug_frame     0x00005c         0x2e build/default/production/mcc_generated_files/system.o
 .debug_frame     0x00008a         0x2e build/default/production/mcc_generated_files/interrupt_manager.o
 .debug_frame     0x0000b8        0x140 build/default/production/mcc_generated_files/traps.o
 .debug_frame     0x0001f8         0x36 build/default/production/main.o
 .debug_frame     0x00022e         0x48 build/default/production/mcc_generated_files/delay.o
 .debug_frame     0x000276         0x48 build/default/production/mcc_generated_files/drivers/spi_master.o
 .debug_frame     0x0002be        0x118 build/default/production/mcc_generated_files/spi1_driver.o
 .debug_frame     0x0003d6         0x48 build/default/production/mcc_generated_files/examples/DELAY_example.o
 .debug_frame     0x00041e         0x62 build/default/production/mcc_generated_files/examples/spi_master_example.o
 .debug_frame     0x000480        0x30a build/default/production/mcc_generated_files/uart1.o
 .debug_frame     0x00078a         0x7a build/default/production/mcc_generated_files/examples/uart_example.o
 .debug_frame     0x000804        0x238 build/default/production/EPD.o

.debug_str        0x000000        0x317
 *(.debug_str)
 .debug_str       0x000000         0x20 build/default/production/mcc_generated_files/pin_manager.o
 .debug_str       0x000020          0xc build/default/production/mcc_generated_files/system.o
 .debug_str       0x00002c         0x1c build/default/production/mcc_generated_files/interrupt_manager.o
 .debug_str       0x000048          0xc build/default/production/mcc_generated_files/traps.o
 .debug_str       0x000054         0x1e build/default/production/main.o
 .debug_str       0x000072         0x67 build/default/production/mcc_generated_files/spi1_driver.o
 .debug_str       0x0000d9         0xa2 build/default/production/mcc_generated_files/uart1.o
 .debug_str       0x00017b        0x19c build/default/production/EPD.o

.debug_loc
 *(.debug_loc)

.debug_macinfo
 *(.debug_macinfo)

.debug_pubnames
                  0x000000        0x91e
 *(.debug_pubnames)
 .debug_pubnames
                  0x000000         0x27 build/default/production/mcc_generated_files/clock.o
 .debug_pubnames
                  0x000027         0x2d build/default/production/mcc_generated_files/pin_manager.o
 .debug_pubnames
                  0x000054         0x28 build/default/production/mcc_generated_files/system.o
 .debug_pubnames
                  0x00007c         0x2b build/default/production/mcc_generated_files/interrupt_manager.o
 .debug_pubnames
                  0x0000a7         0x6f build/default/production/mcc_generated_files/traps.o
 .debug_pubnames
                  0x000116         0x1b build/default/production/main.o
 .debug_pubnames
                  0x000131         0x40 build/default/production/mcc_generated_files/delay.o
 .debug_pubnames
                  0x000171         0x45 build/default/production/mcc_generated_files/drivers/spi_master.o
 .debug_pubnames
                  0x0001b6         0xe2 build/default/production/mcc_generated_files/spi1_driver.o
 .debug_pubnames
                  0x000298         0x3a build/default/production/mcc_generated_files/examples/DELAY_example.o
 .debug_pubnames
                  0x0002d2         0x26 build/default/production/mcc_generated_files/examples/spi_master_example.o
 .debug_pubnames
                  0x0002f8         0x1b build/default/production/mcc_generated_files/drivers/uart.o
 .debug_pubnames
                  0x000313        0x263 build/default/production/mcc_generated_files/uart1.o
 .debug_pubnames
                  0x000576         0x6b build/default/production/mcc_generated_files/examples/uart_example.o
 .debug_pubnames
                  0x0005e1         0x2a build/default/production/epaper_image.o
 .debug_pubnames
                  0x00060b        0x313 build/default/production/EPD.o

.debug_ranges
 *(.debug_ranges)

.debug_aranges    0x000000        0x158
 *(.debug_aranges)
 .debug_aranges
                  0x000000         0x18 build/default/production/mcc_generated_files/clock.o
 .debug_aranges
                  0x000018         0x18 build/default/production/mcc_generated_files/pin_manager.o
 .debug_aranges
                  0x000030         0x18 build/default/production/mcc_generated_files/system.o
 .debug_aranges
                  0x000048         0x18 build/default/production/mcc_generated_files/interrupt_manager.o
 .debug_aranges
                  0x000060         0x18 build/default/production/mcc_generated_files/traps.o
 .debug_aranges
                  0x000078         0x18 build/default/production/main.o
 .debug_aranges
                  0x000090         0x18 build/default/production/mcc_generated_files/delay.o
 .debug_aranges
                  0x0000a8         0x18 build/default/production/mcc_generated_files/drivers/spi_master.o
 .debug_aranges
                  0x0000c0         0x18 build/default/production/mcc_generated_files/spi1_driver.o
 .debug_aranges
                  0x0000d8         0x18 build/default/production/mcc_generated_files/examples/DELAY_example.o
 .debug_aranges
                  0x0000f0         0x18 build/default/production/mcc_generated_files/examples/spi_master_example.o
 .debug_aranges
                  0x000108         0x20 build/default/production/mcc_generated_files/uart1.o
 .debug_aranges
                  0x000128         0x18 build/default/production/mcc_generated_files/examples/uart_example.o
 .debug_aranges
                  0x000140         0x18 build/default/production/EPD.o
                    0x0000                  WREG0 = 0x0
                    0x0000                  _WREG0 = 0x0
                    0x0002                  WREG1 = 0x2
                    0x0002                  _WREG1 = 0x2
                    0x0004                  WREG2 = 0x4
                    0x0004                  _WREG2 = 0x4
                    0x0006                  WREG3 = 0x6
                    0x0006                  _WREG3 = 0x6
                    0x0008                  WREG4 = 0x8
                    0x0008                  _WREG4 = 0x8
                    0x000a                  WREG5 = 0xa
                    0x000a                  _WREG5 = 0xa
                    0x000c                  WREG6 = 0xc
                    0x000c                  _WREG6 = 0xc
                    0x000e                  WREG7 = 0xe
                    0x000e                  _WREG7 = 0xe
                    0x0010                  WREG8 = 0x10
                    0x0010                  _WREG8 = 0x10
                    0x0012                  WREG9 = 0x12
                    0x0012                  _WREG9 = 0x12
                    0x0014                  WREG10 = 0x14
                    0x0014                  _WREG10 = 0x14
                    0x0016                  WREG11 = 0x16
                    0x0016                  _WREG11 = 0x16
                    0x0018                  WREG12 = 0x18
                    0x0018                  _WREG12 = 0x18
                    0x001a                  WREG13 = 0x1a
                    0x001a                  _WREG13 = 0x1a
                    0x001c                  WREG14 = 0x1c
                    0x001c                  _WREG14 = 0x1c
                    0x001e                  WREG15 = 0x1e
                    0x001e                  _WREG15 = 0x1e
                    0x0020                  SPLIM = 0x20
                    0x0020                  _SPLIM = 0x20
                    0x002e                  PCL = 0x2e
                    0x002e                  _PCL = 0x2e
                    0x0030                  PCH = 0x30
                    0x0030                  _PCH = 0x30
                    0x0032                  TBLPAG = 0x32
                    0x0032                  _TBLPAG = 0x32
                    0x0034                  PSVPAG = 0x34
                    0x0034                  _PSVPAG = 0x34
                    0x0036                  RCOUNT = 0x36
                    0x0036                  _RCOUNT = 0x36
                    0x0042                  SR = 0x42
                    0x0042                  _SR = 0x42
                    0x0042                  _SRbits = 0x42
                    0x0044                  CORCON = 0x44
                    0x0044                  _CORCON = 0x44
                    0x0044                  _CORCONbits = 0x44
                    0x0052                  DISICNT = 0x52
                    0x0052                  _DISICNT = 0x52
                    0x0060                  CNEN1 = 0x60
                    0x0060                  _CNEN1 = 0x60
                    0x0060                  _CNEN1bits = 0x60
                    0x0062                  CNEN2 = 0x62
                    0x0062                  _CNEN2 = 0x62
                    0x0062                  _CNEN2bits = 0x62
                    0x0068                  CNPU1 = 0x68
                    0x0068                  _CNPU1 = 0x68
                    0x0068                  _CNPU1bits = 0x68
                    0x006a                  CNPU2 = 0x6a
                    0x006a                  _CNPU2 = 0x6a
                    0x006a                  _CNPU2bits = 0x6a
                    0x0080                  INTCON1 = 0x80
                    0x0080                  _INTCON1 = 0x80
                    0x0080                  _INTCON1bits = 0x80
                    0x0082                  INTCON2 = 0x82
                    0x0082                  _INTCON2 = 0x82
                    0x0082                  _INTCON2bits = 0x82
                    0x0084                  IFS0 = 0x84
                    0x0084                  _IFS0 = 0x84
                    0x0084                  _IFS0bits = 0x84
                    0x0086                  IFS1 = 0x86
                    0x0086                  _IFS1 = 0x86
                    0x0086                  _IFS1bits = 0x86
                    0x0088                  IFS2 = 0x88
                    0x0088                  _IFS2 = 0x88
                    0x0088                  _IFS2bits = 0x88
                    0x008a                  IFS3 = 0x8a
                    0x008a                  _IFS3 = 0x8a
                    0x008a                  _IFS3bits = 0x8a
                    0x008c                  IFS4 = 0x8c
                    0x008c                  _IFS4 = 0x8c
                    0x008c                  _IFS4bits = 0x8c
                    0x0094                  IEC0 = 0x94
                    0x0094                  _IEC0 = 0x94
                    0x0094                  _IEC0bits = 0x94
                    0x0096                  IEC1 = 0x96
                    0x0096                  _IEC1 = 0x96
                    0x0096                  _IEC1bits = 0x96
                    0x0098                  IEC2 = 0x98
                    0x0098                  _IEC2 = 0x98
                    0x0098                  _IEC2bits = 0x98
                    0x009a                  IEC3 = 0x9a
                    0x009a                  _IEC3 = 0x9a
                    0x009a                  _IEC3bits = 0x9a
                    0x009c                  IEC4 = 0x9c
                    0x009c                  _IEC4 = 0x9c
                    0x009c                  _IEC4bits = 0x9c
                    0x00a4                  IPC0 = 0xa4
                    0x00a4                  _IPC0 = 0xa4
                    0x00a4                  _IPC0bits = 0xa4
                    0x00a6                  IPC1 = 0xa6
                    0x00a6                  _IPC1 = 0xa6
                    0x00a6                  _IPC1bits = 0xa6
                    0x00a8                  IPC2 = 0xa8
                    0x00a8                  _IPC2 = 0xa8
                    0x00a8                  _IPC2bits = 0xa8
                    0x00aa                  IPC3 = 0xaa
                    0x00aa                  _IPC3 = 0xaa
                    0x00aa                  _IPC3bits = 0xaa
                    0x00ac                  IPC4 = 0xac
                    0x00ac                  _IPC4 = 0xac
                    0x00ac                  _IPC4bits = 0xac
                    0x00ae                  IPC5 = 0xae
                    0x00ae                  _IPC5 = 0xae
                    0x00ae                  _IPC5bits = 0xae
                    0x00b0                  IPC6 = 0xb0
                    0x00b0                  _IPC6 = 0xb0
                    0x00b0                  _IPC6bits = 0xb0
                    0x00b2                  IPC7 = 0xb2
                    0x00b2                  _IPC7 = 0xb2
                    0x00b2                  _IPC7bits = 0xb2
                    0x00b4                  IPC8 = 0xb4
                    0x00b4                  _IPC8 = 0xb4
                    0x00b4                  _IPC8bits = 0xb4
                    0x00b6                  IPC9 = 0xb6
                    0x00b6                  _IPC9 = 0xb6
                    0x00b6                  _IPC9bits = 0xb6
                    0x00b8                  IPC10 = 0xb8
                    0x00b8                  _IPC10 = 0xb8
                    0x00b8                  _IPC10bits = 0xb8
                    0x00ba                  IPC11 = 0xba
                    0x00ba                  _IPC11 = 0xba
                    0x00ba                  _IPC11bits = 0xba
                    0x00bc                  IPC12 = 0xbc
                    0x00bc                  _IPC12 = 0xbc
                    0x00bc                  _IPC12bits = 0xbc
                    0x00c2                  IPC15 = 0xc2
                    0x00c2                  _IPC15 = 0xc2
                    0x00c2                  _IPC15bits = 0xc2
                    0x00c4                  IPC16 = 0xc4
                    0x00c4                  _IPC16 = 0xc4
                    0x00c4                  _IPC16bits = 0xc4
                    0x00c8                  IPC18 = 0xc8
                    0x00c8                  _IPC18 = 0xc8
                    0x00c8                  _IPC18bits = 0xc8
                    0x00e0                  INTTREG = 0xe0
                    0x00e0                  _INTTREG = 0xe0
                    0x00e0                  _INTTREGbits = 0xe0
                    0x0100                  TMR1 = 0x100
                    0x0100                  _TMR1 = 0x100
                    0x0102                  PR1 = 0x102
                    0x0102                  _PR1 = 0x102
                    0x0104                  T1CON = 0x104
                    0x0104                  _T1CON = 0x104
                    0x0104                  _T1CONbits = 0x104
                    0x0106                  TMR2 = 0x106
                    0x0106                  _TMR2 = 0x106
                    0x0108                  TMR3HLD = 0x108
                    0x0108                  _TMR3HLD = 0x108
                    0x010a                  TMR3 = 0x10a
                    0x010a                  _TMR3 = 0x10a
                    0x010c                  PR2 = 0x10c
                    0x010c                  _PR2 = 0x10c
                    0x010e                  PR3 = 0x10e
                    0x010e                  _PR3 = 0x10e
                    0x0110                  T2CON = 0x110
                    0x0110                  _T2CON = 0x110
                    0x0110                  _T2CONbits = 0x110
                    0x0112                  T3CON = 0x112
                    0x0112                  _T3CON = 0x112
                    0x0112                  _T3CONbits = 0x112
                    0x0114                  TMR4 = 0x114
                    0x0114                  _TMR4 = 0x114
                    0x0116                  TMR5HLD = 0x116
                    0x0116                  _TMR5HLD = 0x116
                    0x0118                  TMR5 = 0x118
                    0x0118                  _TMR5 = 0x118
                    0x011a                  PR4 = 0x11a
                    0x011a                  _PR4 = 0x11a
                    0x011c                  PR5 = 0x11c
                    0x011c                  _PR5 = 0x11c
                    0x011e                  T4CON = 0x11e
                    0x011e                  _T4CON = 0x11e
                    0x011e                  _T4CONbits = 0x11e
                    0x0120                  T5CON = 0x120
                    0x0120                  _T5CON = 0x120
                    0x0120                  _T5CONbits = 0x120
                    0x0140                  IC1BUF = 0x140
                    0x0140                  _IC1BUF = 0x140
                    0x0142                  IC1CON = 0x142
                    0x0142                  _IC1CON = 0x142
                    0x0142                  _IC1CONbits = 0x142
                    0x0144                  IC2BUF = 0x144
                    0x0144                  _IC2BUF = 0x144
                    0x0146                  IC2CON = 0x146
                    0x0146                  _IC2CON = 0x146
                    0x0146                  _IC2CONbits = 0x146
                    0x0148                  IC3BUF = 0x148
                    0x0148                  _IC3BUF = 0x148
                    0x014a                  IC3CON = 0x14a
                    0x014a                  _IC3CON = 0x14a
                    0x014a                  _IC3CONbits = 0x14a
                    0x014c                  IC4BUF = 0x14c
                    0x014c                  _IC4BUF = 0x14c
                    0x014e                  IC4CON = 0x14e
                    0x014e                  _IC4CON = 0x14e
                    0x014e                  _IC4CONbits = 0x14e
                    0x0150                  IC5BUF = 0x150
                    0x0150                  _IC5BUF = 0x150
                    0x0152                  IC5CON = 0x152
                    0x0152                  _IC5CON = 0x152
                    0x0152                  _IC5CONbits = 0x152
                    0x0180                  OC1RS = 0x180
                    0x0180                  _OC1RS = 0x180
                    0x0182                  OC1R = 0x182
                    0x0182                  _OC1R = 0x182
                    0x0184                  OC1CON = 0x184
                    0x0184                  _OC1CON = 0x184
                    0x0184                  _OC1CONbits = 0x184
                    0x0186                  OC2RS = 0x186
                    0x0186                  _OC2RS = 0x186
                    0x0188                  OC2R = 0x188
                    0x0188                  _OC2R = 0x188
                    0x018a                  OC2CON = 0x18a
                    0x018a                  _OC2CON = 0x18a
                    0x018a                  _OC2CONbits = 0x18a
                    0x018c                  OC3RS = 0x18c
                    0x018c                  _OC3RS = 0x18c
                    0x018e                  OC3R = 0x18e
                    0x018e                  _OC3R = 0x18e
                    0x0190                  OC3CON = 0x190
                    0x0190                  _OC3CON = 0x190
                    0x0190                  _OC3CONbits = 0x190
                    0x0192                  OC4RS = 0x192
                    0x0192                  _OC4RS = 0x192
                    0x0194                  OC4R = 0x194
                    0x0194                  _OC4R = 0x194
                    0x0196                  OC4CON = 0x196
                    0x0196                  _OC4CON = 0x196
                    0x0196                  _OC4CONbits = 0x196
                    0x0198                  OC5RS = 0x198
                    0x0198                  _OC5RS = 0x198
                    0x019a                  OC5R = 0x19a
                    0x019a                  _OC5R = 0x19a
                    0x019c                  OC5CON = 0x19c
                    0x019c                  _OC5CON = 0x19c
                    0x019c                  _OC5CONbits = 0x19c
                    0x0200                  I2C1RCV = 0x200
                    0x0200                  _I2C1RCV = 0x200
                    0x0202                  I2C1TRN = 0x202
                    0x0202                  _I2C1TRN = 0x202
                    0x0204                  I2C1BRG = 0x204
                    0x0204                  _I2C1BRG = 0x204
                    0x0206                  I2C1CON = 0x206
                    0x0206                  _I2C1CON = 0x206
                    0x0206                  _I2C1CONbits = 0x206
                    0x0208                  I2C1STAT = 0x208
                    0x0208                  _I2C1STAT = 0x208
                    0x0208                  _I2C1STATbits = 0x208
                    0x020a                  I2C1ADD = 0x20a
                    0x020a                  _I2C1ADD = 0x20a
                    0x020c                  I2C1MSK = 0x20c
                    0x020c                  _I2C1MSK = 0x20c
                    0x0210                  I2C2RCV = 0x210
                    0x0210                  _I2C2RCV = 0x210
                    0x0212                  I2C2TRN = 0x212
                    0x0212                  _I2C2TRN = 0x212
                    0x0214                  I2C2BRG = 0x214
                    0x0214                  _I2C2BRG = 0x214
                    0x0216                  I2C2CON = 0x216
                    0x0216                  _I2C2CON = 0x216
                    0x0216                  _I2C2CONbits = 0x216
                    0x0218                  I2C2STAT = 0x218
                    0x0218                  _I2C2STAT = 0x218
                    0x0218                  _I2C2STATbits = 0x218
                    0x021a                  I2C2ADD = 0x21a
                    0x021a                  _I2C2ADD = 0x21a
                    0x021c                  I2C2MSK = 0x21c
                    0x021c                  _I2C2MSK = 0x21c
                    0x0220                  U1MODE = 0x220
                    0x0220                  _U1MODE = 0x220
                    0x0220                  _U1MODEbits = 0x220
                    0x0222                  U1STA = 0x222
                    0x0222                  _U1STA = 0x222
                    0x0222                  _U1STAbits = 0x222
                    0x0224                  U1TXREG = 0x224
                    0x0224                  _U1TXREG = 0x224
                    0x0226                  U1RXREG = 0x226
                    0x0226                  _U1RXREG = 0x226
                    0x0228                  U1BRG = 0x228
                    0x0228                  _U1BRG = 0x228
                    0x0230                  U2MODE = 0x230
                    0x0230                  _U2MODE = 0x230
                    0x0230                  _U2MODEbits = 0x230
                    0x0232                  U2STA = 0x232
                    0x0232                  _U2STA = 0x232
                    0x0232                  _U2STAbits = 0x232
                    0x0234                  U2TXREG = 0x234
                    0x0234                  _U2TXREG = 0x234
                    0x0236                  U2RXREG = 0x236
                    0x0236                  _U2RXREG = 0x236
                    0x0238                  U2BRG = 0x238
                    0x0238                  _U2BRG = 0x238
                    0x0240                  SPI1STAT = 0x240
                    0x0240                  _SPI1STAT = 0x240
                    0x0240                  _SPI1STATbits = 0x240
                    0x0242                  SPI1CON1 = 0x242
                    0x0242                  _SPI1CON1 = 0x242
                    0x0242                  _SPI1CON1bits = 0x242
                    0x0244                  SPI1CON2 = 0x244
                    0x0244                  _SPI1CON2 = 0x244
                    0x0244                  _SPI1CON2bits = 0x244
                    0x0248                  SPI1BUF = 0x248
                    0x0248                  _SPI1BUF = 0x248
                    0x0260                  SPI2STAT = 0x260
                    0x0260                  _SPI2STAT = 0x260
                    0x0260                  _SPI2STATbits = 0x260
                    0x0262                  SPI2CON1 = 0x262
                    0x0262                  _SPI2CON1 = 0x262
                    0x0262                  _SPI2CON1bits = 0x262
                    0x0264                  SPI2CON2 = 0x264
                    0x0264                  _SPI2CON2 = 0x264
                    0x0264                  _SPI2CON2bits = 0x264
                    0x0268                  SPI2BUF = 0x268
                    0x0268                  _SPI2BUF = 0x268
                    0x02c0                  TRISA = 0x2c0
                    0x02c0                  _TRISA = 0x2c0
                    0x02c0                  _TRISAbits = 0x2c0
                    0x02c2                  PORTA = 0x2c2
                    0x02c2                  _PORTA = 0x2c2
                    0x02c2                  _PORTAbits = 0x2c2
                    0x02c4                  LATA = 0x2c4
                    0x02c4                  _LATA = 0x2c4
                    0x02c4                  _LATAbits = 0x2c4
                    0x02c6                  ODCA = 0x2c6
                    0x02c6                  _ODCA = 0x2c6
                    0x02c6                  _ODCAbits = 0x2c6
                    0x02c8                  TRISB = 0x2c8
                    0x02c8                  _TRISB = 0x2c8
                    0x02c8                  _TRISBbits = 0x2c8
                    0x02ca                  PORTB = 0x2ca
                    0x02ca                  _PORTB = 0x2ca
                    0x02ca                  _PORTBbits = 0x2ca
                    0x02cc                  LATB = 0x2cc
                    0x02cc                  _LATB = 0x2cc
                    0x02cc                  _LATBbits = 0x2cc
                    0x02ce                  ODCB = 0x2ce
                    0x02ce                  _ODCB = 0x2ce
                    0x02ce                  _ODCBbits = 0x2ce
                    0x02fc                  PADCFG1 = 0x2fc
                    0x02fc                  _PADCFG1 = 0x2fc
                    0x02fc                  _PADCFG1bits = 0x2fc
                    0x0300                  ADC1BUF0 = 0x300
                    0x0300                  _ADC1BUF0 = 0x300
                    0x0302                  ADC1BUF1 = 0x302
                    0x0302                  _ADC1BUF1 = 0x302
                    0x0304                  ADC1BUF2 = 0x304
                    0x0304                  _ADC1BUF2 = 0x304
                    0x0306                  ADC1BUF3 = 0x306
                    0x0306                  _ADC1BUF3 = 0x306
                    0x0308                  ADC1BUF4 = 0x308
                    0x0308                  _ADC1BUF4 = 0x308
                    0x030a                  ADC1BUF5 = 0x30a
                    0x030a                  _ADC1BUF5 = 0x30a
                    0x030c                  ADC1BUF6 = 0x30c
                    0x030c                  _ADC1BUF6 = 0x30c
                    0x030e                  ADC1BUF7 = 0x30e
                    0x030e                  _ADC1BUF7 = 0x30e
                    0x0310                  ADC1BUF8 = 0x310
                    0x0310                  _ADC1BUF8 = 0x310
                    0x0312                  ADC1BUF9 = 0x312
                    0x0312                  _ADC1BUF9 = 0x312
                    0x0314                  ADC1BUFA = 0x314
                    0x0314                  _ADC1BUFA = 0x314
                    0x0316                  ADC1BUFB = 0x316
                    0x0316                  _ADC1BUFB = 0x316
                    0x0318                  ADC1BUFC = 0x318
                    0x0318                  _ADC1BUFC = 0x318
                    0x031a                  ADC1BUFD = 0x31a
                    0x031a                  _ADC1BUFD = 0x31a
                    0x031c                  ADC1BUFE = 0x31c
                    0x031c                  _ADC1BUFE = 0x31c
                    0x031e                  ADC1BUFF = 0x31e
                    0x031e                  _ADC1BUFF = 0x31e
                    0x0320                  AD1CON1 = 0x320
                    0x0320                  _AD1CON1 = 0x320
                    0x0320                  _AD1CON1bits = 0x320
                    0x0322                  AD1CON2 = 0x322
                    0x0322                  _AD1CON2 = 0x322
                    0x0322                  _AD1CON2bits = 0x322
                    0x0324                  AD1CON3 = 0x324
                    0x0324                  _AD1CON3 = 0x324
                    0x0324                  _AD1CON3bits = 0x324
                    0x0328                  AD1CHS = 0x328
                    0x0328                  _AD1CHS = 0x328
                    0x0328                  _AD1CHSbits = 0x328
                    0x032c                  AD1PCFG = 0x32c
                    0x032c                  _AD1PCFG = 0x32c
                    0x032c                  _AD1PCFGbits = 0x32c
                    0x0330                  AD1CSSL = 0x330
                    0x0330                  _AD1CSSL = 0x330
                    0x0330                  _AD1CSSLbits = 0x330
                    0x0600                  PMCON = 0x600
                    0x0600                  _PMCON = 0x600
                    0x0600                  _PMCONbits = 0x600
                    0x0602                  PMMODE = 0x602
                    0x0602                  _PMMODE = 0x602
                    0x0602                  _PMMODEbits = 0x602
                    0x0604                  PMADDR = 0x604
                    0x0604                  _PMADDR = 0x604
                    0x0604                  _PMADDRbits = 0x604
                    0x0604                  PMDOUT1 = 0x604
                    0x0604                  _PMDOUT1 = 0x604
                    0x0604                  _PMDOUT1bits = 0x604
                    0x0606                  PMDOUT2 = 0x606
                    0x0606                  _PMDOUT2 = 0x606
                    0x0608                  PMDIN1 = 0x608
                    0x0608                  _PMDIN1 = 0x608
                    0x060a                  PMDIN2 = 0x60a
                    0x060a                  _PMDIN2 = 0x60a
                    0x060c                  PMAEN = 0x60c
                    0x060c                  _PMAEN = 0x60c
                    0x060c                  _PMAENbits = 0x60c
                    0x060e                  PMSTAT = 0x60e
                    0x060e                  _PMSTAT = 0x60e
                    0x060e                  _PMSTATbits = 0x60e
                    0x0620                  ALRMVAL = 0x620
                    0x0620                  _ALRMVAL = 0x620
                    0x0622                  ALCFGRPT = 0x622
                    0x0622                  _ALCFGRPT = 0x622
                    0x0622                  _ALCFGRPTbits = 0x622
                    0x0624                  RTCVAL = 0x624
                    0x0624                  _RTCVAL = 0x624
                    0x0626                  RCFGCAL = 0x626
                    0x0626                  _RCFGCAL = 0x626
                    0x0626                  _RCFGCALbits = 0x626
                    0x0630                  CMCON = 0x630
                    0x0630                  _CMCON = 0x630
                    0x0630                  _CMCONbits = 0x630
                    0x0632                  CVRCON = 0x632
                    0x0632                  _CVRCON = 0x632
                    0x0632                  _CVRCONbits = 0x632
                    0x0640                  CRCCON = 0x640
                    0x0640                  _CRCCON = 0x640
                    0x0640                  _CRCCONbits = 0x640
                    0x0642                  CRCXOR = 0x642
                    0x0642                  _CRCXOR = 0x642
                    0x0642                  _CRCXORbits = 0x642
                    0x0644                  CRCDAT = 0x644
                    0x0644                  _CRCDAT = 0x644
                    0x0646                  CRCWDAT = 0x646
                    0x0646                  _CRCWDAT = 0x646
                    0x0680                  RPINR0 = 0x680
                    0x0680                  _RPINR0 = 0x680
                    0x0680                  _RPINR0bits = 0x680
                    0x0682                  RPINR1 = 0x682
                    0x0682                  _RPINR1 = 0x682
                    0x0682                  _RPINR1bits = 0x682
                    0x0686                  RPINR3 = 0x686
                    0x0686                  _RPINR3 = 0x686
                    0x0686                  _RPINR3bits = 0x686
                    0x0688                  RPINR4 = 0x688
                    0x0688                  _RPINR4 = 0x688
                    0x0688                  _RPINR4bits = 0x688
                    0x068e                  RPINR7 = 0x68e
                    0x068e                  _RPINR7 = 0x68e
                    0x068e                  _RPINR7bits = 0x68e
                    0x0690                  RPINR8 = 0x690
                    0x0690                  _RPINR8 = 0x690
                    0x0690                  _RPINR8bits = 0x690
                    0x0692                  RPINR9 = 0x692
                    0x0692                  _RPINR9 = 0x692
                    0x0692                  _RPINR9bits = 0x692
                    0x0696                  RPINR11 = 0x696
                    0x0696                  _RPINR11 = 0x696
                    0x0696                  _RPINR11bits = 0x696
                    0x06a4                  RPINR18 = 0x6a4
                    0x06a4                  _RPINR18 = 0x6a4
                    0x06a4                  _RPINR18bits = 0x6a4
                    0x06a6                  RPINR19 = 0x6a6
                    0x06a6                  _RPINR19 = 0x6a6
                    0x06a6                  _RPINR19bits = 0x6a6
                    0x06a8                  RPINR20 = 0x6a8
                    0x06a8                  _RPINR20 = 0x6a8
                    0x06a8                  _RPINR20bits = 0x6a8
                    0x06aa                  RPINR21 = 0x6aa
                    0x06aa                  _RPINR21 = 0x6aa
                    0x06aa                  _RPINR21bits = 0x6aa
                    0x06ac                  RPINR22 = 0x6ac
                    0x06ac                  _RPINR22 = 0x6ac
                    0x06ac                  _RPINR22bits = 0x6ac
                    0x06ae                  RPINR23 = 0x6ae
                    0x06ae                  _RPINR23 = 0x6ae
                    0x06ae                  _RPINR23bits = 0x6ae
                    0x06c0                  RPOR0 = 0x6c0
                    0x06c0                  _RPOR0 = 0x6c0
                    0x06c0                  _RPOR0bits = 0x6c0
                    0x06c2                  RPOR1 = 0x6c2
                    0x06c2                  _RPOR1 = 0x6c2
                    0x06c2                  _RPOR1bits = 0x6c2
                    0x06c4                  RPOR2 = 0x6c4
                    0x06c4                  _RPOR2 = 0x6c4
                    0x06c4                  _RPOR2bits = 0x6c4
                    0x06c6                  RPOR3 = 0x6c6
                    0x06c6                  _RPOR3 = 0x6c6
                    0x06c6                  _RPOR3bits = 0x6c6
                    0x06c8                  RPOR4 = 0x6c8
                    0x06c8                  _RPOR4 = 0x6c8
                    0x06c8                  _RPOR4bits = 0x6c8
                    0x06ca                  RPOR5 = 0x6ca
                    0x06ca                  _RPOR5 = 0x6ca
                    0x06ca                  _RPOR5bits = 0x6ca
                    0x06cc                  RPOR6 = 0x6cc
                    0x06cc                  _RPOR6 = 0x6cc
                    0x06cc                  _RPOR6bits = 0x6cc
                    0x06ce                  RPOR7 = 0x6ce
                    0x06ce                  _RPOR7 = 0x6ce
                    0x06ce                  _RPOR7bits = 0x6ce
                    0x0740                  RCON = 0x740
                    0x0740                  _RCON = 0x740
                    0x0740                  _RCONbits = 0x740
                    0x0742                  OSCCON = 0x742
                    0x0742                  _OSCCON = 0x742
                    0x0742                  _OSCCONbits = 0x742
                    0x0742                  OSCCONL = 0x742
                    0x0742                  _OSCCONL = 0x742
                    0x0743                  OSCCONH = 0x743
                    0x0743                  _OSCCONH = 0x743
                    0x0744                  CLKDIV = 0x744
                    0x0744                  _CLKDIV = 0x744
                    0x0744                  _CLKDIVbits = 0x744
                    0x0748                  OSCTUN = 0x748
                    0x0748                  _OSCTUN = 0x748
                    0x0748                  _OSCTUNbits = 0x748
                    0x0760                  NVMCON = 0x760
                    0x0760                  _NVMCON = 0x760
                    0x0760                  _NVMCONbits = 0x760
                    0x0766                  NVMKEY = 0x766
                    0x0766                  _NVMKEY = 0x766
                    0x0770                  PMD1 = 0x770
                    0x0770                  _PMD1 = 0x770
                    0x0770                  _PMD1bits = 0x770
                    0x0772                  PMD2 = 0x772
                    0x0772                  _PMD2 = 0x772
                    0x0772                  _PMD2bits = 0x772
                    0x0774                  PMD3 = 0x774
                    0x0774                  _PMD3 = 0x774
                    0x0774                  _PMD3bits = 0x774
                    0x0140                  IC1 = 0x140
                    0x0140                  _IC1 = 0x140
                    0x0144                  IC2 = 0x144
                    0x0144                  _IC2 = 0x144
                    0x0148                  IC3 = 0x148
                    0x0148                  _IC3 = 0x148
                    0x014c                  IC4 = 0x14c
                    0x014c                  _IC4 = 0x14c
                    0x0150                  IC5 = 0x150
                    0x0150                  _IC5 = 0x150
                    0x0180                  OC1 = 0x180
                    0x0180                  _OC1 = 0x180
                    0x0186                  OC2 = 0x186
                    0x0186                  _OC2 = 0x186
                    0x018c                  OC3 = 0x18c
                    0x018c                  _OC3 = 0x18c
                    0x0192                  OC4 = 0x192
                    0x0192                  _OC4 = 0x192
                    0x0198                  OC5 = 0x198
                    0x0198                  _OC5 = 0x198
                    0x0240                  SPI1 = 0x240
                    0x0240                  _SPI1 = 0x240
                    0x0260                  SPI2 = 0x260
                    0x0260                  _SPI2 = 0x260
                    0x0220                  UART1 = 0x220
                    0x0220                  _UART1 = 0x220
                    0x0230                  UART2 = 0x230
                    0x0230                  _UART2 = 0x230
START GROUP
LOAD c:/program files/microchip/xc16/v1.60/bin/bin/../../lib\liblega-pic30-elf.a
LOAD c:/program files/microchip/xc16/v1.60/bin/bin/../../lib\libm-elf.a
LOAD c:/program files/microchip/xc16/v1.60/bin/bin/../../lib\liblega-c-elf.a
END GROUP
OUTPUT(dist/default/production/E_Paper.production.elf elf32-pic30)
LOAD jump_table
LOAD default_isr
LOAD heap
LOAD data_init

.debug_pubtypes
                  0x000158        0x5aa
 .debug_pubtypes
                  0x000158         0x2b build/default/production/mcc_generated_files/clock.o
 .debug_pubtypes
                  0x000183         0x80 build/default/production/mcc_generated_files/pin_manager.o
 .debug_pubtypes
                  0x000203         0x42 build/default/production/mcc_generated_files/system.o
 .debug_pubtypes
                  0x000245         0x78 build/default/production/mcc_generated_files/interrupt_manager.o
 .debug_pubtypes
                  0x0002bd         0x4e build/default/production/mcc_generated_files/traps.o
 .debug_pubtypes
                  0x00030b         0x4a build/default/production/main.o
 .debug_pubtypes
                  0x000355         0x1f build/default/production/mcc_generated_files/delay.o
 .debug_pubtypes
                  0x000374         0x6f build/default/production/mcc_generated_files/drivers/spi_master.o
 .debug_pubtypes
                  0x0003e3         0xed build/default/production/mcc_generated_files/spi1_driver.o
 .debug_pubtypes
                  0x0004d0         0x12 build/default/production/mcc_generated_files/examples/DELAY_example.o
 .debug_pubtypes
                  0x0004e2         0x1e build/default/production/mcc_generated_files/examples/spi_master_example.o
 .debug_pubtypes
                  0x000500         0x33 build/default/production/mcc_generated_files/drivers/uart.o
 .debug_pubtypes
                  0x000533         0xed build/default/production/mcc_generated_files/uart1.o
 .debug_pubtypes
                  0x000620         0x33 build/default/production/mcc_generated_files/examples/uart_example.o
 .debug_pubtypes
                  0x000653         0x1e build/default/production/epaper_image.o
 .debug_pubtypes
                  0x000671         0x91 build/default/production/EPD.o

__c30_signature
                  0x000702        0x156
 __c30_signature
                  0x000702          0x6 build/default/production/mcc_generated_files/clock.o
 __c30_signature
                  0x000708          0x6 build/default/production/mcc_generated_files/pin_manager.o
 __c30_signature
                  0x00070e          0x6 build/default/production/mcc_generated_files/mcc.o
 __c30_signature
                  0x000714          0x6 build/default/production/mcc_generated_files/system.o
 __c30_signature
                  0x00071a          0x6 build/default/production/mcc_generated_files/interrupt_manager.o
 __c30_signature
                  0x000720          0x6 build/default/production/mcc_generated_files/traps.o
 __c30_signature
                  0x000726          0x6 build/default/production/main.o
 __c30_signature
                  0x00072c          0x6 build/default/production/mcc_generated_files/delay.o
 __c30_signature
                  0x000732          0x6 build/default/production/mcc_generated_files/drivers/spi_master.o
 __c30_signature
                  0x000738          0x6 build/default/production/mcc_generated_files/spi1_driver.o
 __c30_signature
                  0x00073e          0x6 build/default/production/mcc_generated_files/examples/DELAY_example.o
 __c30_signature
                  0x000744          0x6 build/default/production/mcc_generated_files/examples/spi_master_example.o
 __c30_signature
                  0x00074a          0x6 build/default/production/mcc_generated_files/drivers/uart.o
 __c30_signature
                  0x000750          0x6 build/default/production/mcc_generated_files/uart1.o
 __c30_signature
                  0x000756          0x6 build/default/production/mcc_generated_files/examples/uart_example.o
 __c30_signature
                  0x00075c          0x6 build/default/production/epaper_image.o
 __c30_signature
                  0x000762          0x6 build/default/production/EPD.o
 __c30_signature
                  0x000768          0x6 c:/program files/microchip/xc16/v1.60/bin/bin/../../lib\liblega-pic30-elf.a(crt0_standard.o)
 __c30_signature
                  0x00076e          0x6 c:/program files/microchip/xc16/v1.60/bin/bin/../../lib\liblega-pic30-elf.a(data_init_standard.o)
 __c30_signature
                  0x000774          0x6 c:/program files/microchip/xc16/v1.60/bin/bin/../../lib\liblega-pic30-elf.a(delay32.Leo)
 __c30_signature
                  0x00077a          0x6 c:/program files/microchip/xc16/v1.60/bin/bin/../../lib\liblega-c-elf.a(puts.XX_eo)
 __c30_signature
                  0x000780          0x6 c:/program files/microchip/xc16/v1.60/bin/bin/../../lib\liblega-c-elf.a(strlen.XX_eo)
 __c30_signature
                  0x000786          0x6 c:/program files/microchip/xc16/v1.60/bin/bin/../../lib\liblega-c-elf.a(strncmp.XX_eo)
 __c30_signature
                  0x00078c          0x6 c:/program files/microchip/xc16/v1.60/bin/bin/../../lib\liblega-c-elf.a(xfiles.XX_eo)
 __c30_signature
                  0x000792          0x6 c:/program files/microchip/xc16/v1.60/bin/bin/../../lib\liblega-c-elf.a(fputc.XX_elo)
 __c30_signature
                  0x000798          0x6 c:/program files/microchip/xc16/v1.60/bin/bin/../../lib\liblega-c-elf.a(printf_cdnopuxX.XXeo)
 __c30_signature
                  0x00079e          0x6 c:/program files/microchip/xc16/v1.60/bin/bin/../../lib\liblega-c-elf.a(printf_s.XXeo)
 __c30_signature
                  0x0007a4          0x6 c:/program files/microchip/xc16/v1.60/bin/bin/../../lib\liblega-c-elf.a(fflush.XX_eo)
 __c30_signature
                  0x0007aa          0x6 c:/program files/microchip/xc16/v1.60/bin/bin/../../lib\liblega-c-elf.a(fputs.XX_eo)
 __c30_signature
                  0x0007b0          0x6 c:/program files/microchip/xc16/v1.60/bin/bin/../../lib\liblega-c-elf.a(fwrite.XX_eo)
 __c30_signature
                  0x0007b6          0x6 c:/program files/microchip/xc16/v1.60/bin/bin/../../lib\liblega-c-elf.a(memchr.XX_eo)
 __c30_signature
                  0x0007bc          0x6 c:/program files/microchip/xc16/v1.60/bin/bin/../../lib\liblega-c-elf.a(memcpy.XX_eo)
 __c30_signature
                  0x0007c2          0x6 c:/program files/microchip/xc16/v1.60/bin/bin/../../lib\liblega-c-elf.a(strchr.XX_eo)
 __c30_signature
                  0x0007c8          0x6 c:/program files/microchip/xc16/v1.60/bin/bin/../../lib\liblega-c-elf.a(strrchr.XX_eo)
 __c30_signature
                  0x0007ce          0x6 c:/program files/microchip/xc16/v1.60/bin/bin/../../lib\liblega-c-elf.a(xfwprep.XX_eo)
 __c30_signature
                  0x0007d4          0x6 c:/program files/microchip/xc16/v1.60/bin/bin/../../lib\liblega-c-elf.a(xlitob.XX_eo)
 __c30_signature
                  0x0007da          0x6 c:/program files/microchip/xc16/v1.60/bin/bin/../../lib\liblega-c-elf.a(xputtxt.XX_eo)
 __c30_signature
                  0x0007e0          0x6 c:/program files/microchip/xc16/v1.60/bin/bin/../../lib\liblega-c-elf.a(xvacopy.XX_eo)
 __c30_signature
                  0x0007e6          0x6 c:/program files/microchip/xc16/v1.60/bin/bin/../../lib\liblega-c-elf.a(efwrite.XX_eo)
 __c30_signature
                  0x0007ec          0x6 c:/program files/microchip/xc16/v1.60/bin/bin/../../lib\liblega-c-elf.a(fclose.XX_elo)
 __c30_signature
                  0x0007f2          0x6 c:/program files/microchip/xc16/v1.60/bin/bin/../../lib\liblega-c-elf.a(xatexit.XX_elo)
 __c30_signature
                  0x0007f8          0x6 c:/program files/microchip/xc16/v1.60/bin/bin/../../lib\liblega-c-elf.a(free.XX_eo)
 __c30_signature
                  0x0007fe          0x6 c:/program files/microchip/xc16/v1.60/bin/bin/../../lib\liblega-c-elf.a(malloc.XX_eo)
 __c30_signature
                  0x000804          0x6 c:/program files/microchip/xc16/v1.60/bin/bin/../../lib\liblega-c-elf.a(xgetmem.XX_eo)
 __c30_signature
                  0x00080a          0x6 c:/program files/microchip/xc16/v1.60/bin/bin/../../lib\liblega-pic30-elf.a(close.Leo)
 __c30_signature
                  0x000810          0x6 c:/program files/microchip/xc16/v1.60/bin/bin/../../lib\liblega-pic30-elf.a(remove.Leo)
 __c30_signature
                  0x000816          0x6 c:/program files/microchip/xc16/v1.60/bin/bin/../../lib\liblega-pic30-elf.a(sbrk.Leo)
 __c30_signature
                  0x00081c          0x6 c:/program files/microchip/xc16/v1.60/bin/bin/../../lib\liblega-pic30-elf.a(memcpy_eds.Leo)
 __c30_signature
                  0x000822          0x6 c:/program files/microchip/xc16/v1.60/bin/bin/../../lib\liblega-pic30-elf.a(memchr_eds.Leo)
 __c30_signature
                  0x000828          0x6 c:/program files/microchip/xc16/v1.60/bin/bin/../../lib\liblega-pic30-elf.a(brk.Lelo)
 __c30_signature
                  0x00082e          0x6 c:/program files/microchip/xc16/v1.60/bin/bin/../../lib\libm-elf.a(divsi3.eo)
 __c30_signature
                  0x000834          0x6 c:/program files/microchip/xc16/v1.60/bin/bin/../../lib\libm-elf.a(udivsi3.eo)
 __c30_signature
                  0x00083a          0x6 c:/program files/microchip/xc16/v1.60/bin/bin/../../lib\libm-elf.a(umodsi3.eo)
 __c30_signature
                  0x000840          0x6 c:/program files/microchip/xc16/v1.60/bin/bin/../../lib\libm-elf.a(mulsi3.eo)
 __c30_signature
                  0x000846          0x6 c:/program files/microchip/xc16/v1.60/bin/bin/../../lib\libm-elf.a(divmoddi3.eo)
 __c30_signature
                  0x00084c          0x6 c:/program files/microchip/xc16/v1.60/bin/bin/../../lib\liblega-c-elf.a(xprintf_cdnopsuxX.XXeo)
 __c30_signature
                  0x000852          0x6 c:/program files/microchip/xc16/v1.60/bin/bin/../../lib\liblega-c-elf.a(xputfld_cdnopsuxX.XXeo)

.nbss               0x0800          0xe
 .nbss              0x0800          0xe build/default/production/mcc_generated_files/uart1.o
                    0x080a                  _UART1_TxDefaultInterruptHandler
                    0x080c                  _UART1_RxDefaultInterruptHandler

.ndata              0x080e          0x6
 .ndata             0x080e          0x4 build/default/production/EPD.o
                    0x080e                  _using_partial_mode
                    0x080f                  _use_partial_update_window
                    0x0810                  _initial_write
                    0x0811                  _hibernating
 .ndata             0x0812          0x2 build/default/production/mcc_generated_files/traps.o

.nbss               0x0814          0x2
 .nbss              0x0814          0x2 build/default/production/mcc_generated_files/spi1_driver.o
                    0x0814                  _spi1_interruptHandler

.ndata              0x0816          0x2
 .ndata             0x0816          0x2 build/default/production/mcc_generated_files/examples/uart_example.o
                    0x0816                  _string

.nbss               0x0818          0x2
 .nbss              0x0818          0x2 build/default/production/EPD.o
                    0x0818                  _powered

.data               0x081a        0x112
 .data              0x081a         0x88 c:/program files/microchip/xc16/v1.60/bin/bin/../../lib\liblega-c-elf.a(xfiles.XX_eo)
                    0x081a                  __Stdin
                    0x0842                  __Stdout
                    0x086a                  __Stderr
                    0x0892                  __Files
 .data              0x08a2         0x68 build/default/production/EPD.o
                    0x08a2                  _booster_soft_start_cmd
                    0x08aa                  _power_settings_cmd
                    0x08b4                  _power_on_cmd
                    0x08ba                  _power_off_cmd
                    0x08c0                  _panel_settings_cmd
                    0x08c6                  _resolution_settings_cmd
                    0x08ce                  _vcom_data_interval_full_cmd
                    0x08d4                  _vcom_data_interval_part_cmd
                    0x08da                  _display_refresh_cmd
                    0x08e0                  _data_start_old_cmd
                    0x08e6                  _data_start_new_cmd
                    0x08ec                  _data_stop_cmd
                    0x08f2                  _partial_window_cmd
                    0x08fe                  _partial_in_cmd
                    0x0904                  _partial_out_cmd
 .data              0x090a         0x22 c:/program files/microchip/xc16/v1.60/bin/bin/../../lib\liblega-c-elf.a(xlitob.XX_eo)

.bss                0x092c         0x20
 .bss               0x092c         0x20 build/default/production/mcc_generated_files/traps.o

.data               0x094c         0x1a
 .data              0x094c         0x1a c:/program files/microchip/xc16/v1.60/bin/bin/../../lib\liblega-c-elf.a(xprintf_cdnopsuxX.XXeo)

.bss                0x0966         0x12
 .bss               0x0966         0x12 build/default/production/mcc_generated_files/uart1.o

.data               0x0978         0x10
 .data              0x0978         0x10 build/default/production/mcc_generated_files/examples/spi_master_example.o

.bss                0x0988         0x16
 .bss               0x0988         0x10 build/default/production/mcc_generated_files/examples/uart_example.o
 .bss               0x0998          0x4 c:/program files/microchip/xc16/v1.60/bin/bin/../../lib\liblega-c-elf.a(malloc.XX_eo)
                    0x0998                  __Aldata
 .bss               0x099c          0x2 c:/program files/microchip/xc16/v1.60/bin/bin/../../lib\liblega-c-elf.a(fclose.XX_elo)

.data               0x099e          0x2
 .data              0x099e          0x2 c:/program files/microchip/xc16/v1.60/bin/bin/../../lib\liblega-c-elf.a(malloc.XX_eo)
                    0x099e                  __Size_block

.bss                0x09a0          0x2
 .bss               0x09a0          0x2 c:/program files/microchip/xc16/v1.60/bin/bin/../../lib\liblega-pic30-elf.a(brk.Lelo)
                    0x09a0                  ___curbrk

.heap               0x09a2        0x200
 .heap              0x09a2        0x200 heap

.config_JTAGEN    0x00abfe          0x2
 .config_JTAGEN
                  0x00abfe          0x2 build/default/production/mcc_generated_files/system.o

.config_IESO      0x00abfc          0x2
 .config_IESO     0x00abfc          0x2 build/default/production/mcc_generated_files/system.o

.ivt._OscillatorFail
                  0x000006          0x2
 .ivt._OscillatorFail
                  0x000006          0x2 build/default/production/mcc_generated_files/traps.o

.ivt._StackError
                  0x00000a          0x2
 .ivt._StackError
                  0x00000a          0x2 build/default/production/mcc_generated_files/traps.o

.ivt._AddressError
                  0x000008          0x2
 .ivt._AddressError
                  0x000008          0x2 build/default/production/mcc_generated_files/traps.o

.ivt._MathError
                  0x00000c          0x2
 .ivt._MathError
                  0x00000c          0x2 build/default/production/mcc_generated_files/traps.o

.ivt._U1TXInterrupt
                  0x00002c          0x2
 .ivt._U1TXInterrupt
                  0x00002c          0x2 build/default/production/mcc_generated_files/uart1.o

.ivt._U1RXInterrupt
                  0x00002a          0x2
 .ivt._U1RXInterrupt
                  0x00002a          0x2 build/default/production/mcc_generated_files/uart1.o

.ivt._U1ErrInterrupt
                  0x000096          0x2
 .ivt._U1ErrInterrupt
                  0x000096          0x2 build/default/production/mcc_generated_files/uart1.o

.const              0x961a       0x13c0 load address 0x00161a  
 .const             0x961a       0x1280 build/default/production/epaper_image.o
                    0x961a                  _gImage_epaper_image
 .const             0xa89a         0xbc build/default/production/EPD.o
 .const             0xa956         0x24 build/default/production/mcc_generated_files/examples/uart_example.o
 .const             0xa97a         0x22 build/default/production/main.o
 .const             0xa99c         0x14 build/default/production/mcc_generated_files/drivers/spi_master.o
                    0xa99c                  _spiMaster
 .const             0xa9b0         0x14 build/default/production/mcc_generated_files/drivers/uart.o
                    0xa9b0                  _uart
 .const             0xa9c4         0x10 build/default/production/mcc_generated_files/spi1_driver.o
 .const             0xa9d4          0x6 build/default/production/mcc_generated_files/examples/spi_master_example.o

.text             0x0029da        0xbaa
 .text            0x0029da        0x884 build/default/production/EPD.o
                  0x0029da                  _SendCommand
                  0x002a0e                  _SendData
                  0x002a22                  _InitDisplay
                  0x002a50                  _InitFullMode
                  0x002a5a                  _InitPartMode
                  0x002a6c                  _PowerOn
                  0x002a92                  _PowerOff
                  0x002ab0                  _Reset
                  0x002acc                  _SetPartialRamArea
                  0x002b32                  _Update
                  0x002b4c                  _Refresh
                  0x002bde                  _WriteScreenBuffer
                  0x002c48                  _ClearScreen
                  0x002cb4                  _WriteImage
                  0x002e6a                  _WriteImagePart
                  0x0030ec                  _DrawImage
                  0x00311e                  _DrawImagePart
                  0x00315e                  _SendCommandTest
                  0x003172                  _SendDataTest
                  0x003182                  _ClearScreenTest
 .text            0x00325e        0x326 build/default/production/mcc_generated_files/uart1.o
                  0x00325e                  _UART1_Initialize
                  0x003292                  _UART1_SetTxInterruptHandler
                  0x00329e                  _UART1_Transmit_ISR
                  0x0032e2                  _UART1_SetRxInterruptHandler
                  0x0032ee                  _UART1_Receive_ISR
                  0x00333c                  _UART1_Read
                  0x003368                  _UART1_Write
                  0x003392                  _UART1_IsRxReady
                  0x0033a8                  _UART1_IsTxReady
                  0x0033dc                  _UART1_IsTxDone
                  0x003434                  _UART1_is_rx_ready
                  0x003474                  _UART1_is_tx_ready
                  0x00347c                  _UART1_is_tx_done
                  0x003484                  _UART1_ReadBuffer
                  0x0034be                  _UART1_WriteBuffer
                  0x0034f8                  _UART1_TransferStatusGet
                  0x00353c                  _UART1_Peek
                  0x00355c                  _UART1_ReceiveBufferIsEmpty
                  0x00356c                  _UART1_TransmitBufferIsFull
                  0x00357c                  _UART1_StatusGet

.dinit            0x003584        0x150
 .dinit           0x003584        0x150 data_init

.text             0x0036d4        0x360
 .text            0x0036d4        0x14e build/default/production/mcc_generated_files/spi1_driver.o
                  0x0036d4                  _spi1_close
                  0x0036dc                  _spi1_open
                  0x00373a                  _spi1_exchangeByte
                  0x003754                  _spi1_exchangeBlock
                  0x003786                  _spi1_writeBlock
                  0x0037b4                  _spi1_readBlock
                  0x0037e4                  _spi1_writeByte
                  0x0037f0                  _spi1_readByte
                  0x0037fa                  _spi1_isr
                  0x003816                  _spi1_setSpiISR
 .text            0x003822         0x6e build/default/production/mcc_generated_files/pin_manager.o
                  0x003822                  _PIN_MANAGER_Initialize
 .text            0x003890         0x5e build/default/production/mcc_generated_files/examples/uart_example.o
                  0x003890                  _UART_example_WRITE_STRING
                  0x0038ba                  _UART_example_PRINTF
                  0x0038da                  _UART_example_RUNALL
 .text            0x0038ee         0x56 build/default/production/mcc_generated_files/delay.o
                  0x0038ee                  _DELAY_milliseconds
                  0x003910                  _DELAY_microseconds
 .text            0x003944         0x42 build/default/production/main.o
                  0x003944                  _main
 .text            0x003986         0x3e build/default/production/mcc_generated_files/examples/spi_master_example.o
                  0x003992                  _SPI_Master_test
 .text            0x0039c4         0x2e build/default/production/mcc_generated_files/clock.o
                  0x0039c4                  _CLOCK_Initialize
 .text            0x0039f2         0x24 build/default/production/mcc_generated_files/interrupt_manager.o
                  0x0039f2                  _INTERRUPT_Initialize
 .text            0x003a16         0x1e build/default/production/mcc_generated_files/drivers/spi_master.o
                  0x003a16                  _MASTER0_open
                  0x003a20                  _spi_master_open

.init.delay32     0x003a34         0x1c
 .init.delay32    0x003a34         0x1c c:/program files/microchip/xc16/v1.60/bin/bin/../../lib\liblega-pic30-elf.a(delay32.Leo)
                  0x003a34                  ___delay32

.text             0x003a50         0x3a
 .text            0x003a50         0x18 build/default/production/mcc_generated_files/traps.o
                  0x003a50                  _TRAPS_halt_on_error
 .text            0x003a68         0x14 build/default/production/mcc_generated_files/examples/DELAY_example.o
                  0x003a68                  _DELAY_MsExample
                  0x003a72                  _DELAY_UsExample
 .text            0x003a7c          0xe build/default/production/mcc_generated_files/system.o
                  0x003a7c                  _SYSTEM_Initialize
